2025-04-23 11:05:18,340 ERROR frappe New Exception collected in error log
Site: erpnext.localhost
Form Dict: {'public': '0', 'new_widgets': '{}', 'blocks': '[{"id":"n_yPe4H6Kl","type":"header","data":{"text":"<span class=\\"h4\\">Data Config</span>","col":12}}]', 'cmd': 'frappe.desk.doctype.workspace.workspace.save_page'}
2025-04-23 11:18:41,130 ERROR frappe New Exception collected in error log
Site: erpnext.localhost
Form Dict: {'doc': '{"docstatus":0,"doctype":"Page","name":"new-page-sejwnqclyh","__islocal":1,"__unsaved":1,"owner":"Administrator","system_page":0,"standard":"Yes","roles":[],"page_name":"dataConfiguration","title":"Data config","module":"dataconfig"}', 'action': 'Save', 'cmd': 'frappe.desk.form.save.savedocs'}
2025-04-23 11:18:43,730 ERROR frappe New Exception collected in error log
Site: erpnext.localhost
Form Dict: {'date': '2025-04-23', 'raise_on_missing': 'true', 'cmd': 'erpnext.accounts.utils.get_fiscal_year'}
2025-04-23 11:18:43,946 ERROR frappe New Exception collected in error log
Site: erpnext.localhost
Form Dict: {'date': '2025-04-23', 'raise_on_missing': 'true', 'cmd': 'erpnext.accounts.utils.get_fiscal_year'}
2025-04-23 11:23:22,538 ERROR frappe New Exception collected in error log
Site: erpnext.localhost
Form Dict: {'public': '0', 'new_widgets': '{}', 'blocks': '[{"id":"setE1D5SYx","type":"header","data":{"text":"<span class=\\"h4\\">Data Config</span>","col":12}}]', 'cmd': 'frappe.desk.doctype.workspace.workspace.save_page'}
2025-04-23 11:29:38,935 ERROR frappe New Exception collected in error log
Site: erpnext.localhost
Form Dict: {'date': '2025-04-23', 'raise_on_missing': 'true', 'cmd': 'erpnext.accounts.utils.get_fiscal_year'}
2025-04-23 11:29:39,214 ERROR frappe New Exception collected in error log
Site: erpnext.localhost
Form Dict: {'date': '2025-04-23', 'raise_on_missing': 'true', 'cmd': 'erpnext.accounts.utils.get_fiscal_year'}
2025-04-23 11:31:48,751 ERROR frappe New Exception collected in error log
Site: erpnext.localhost
Form Dict: {'doc': '{"docstatus":0,"doctype":"Page","name":"new-page-muasdjtgxa","__islocal":1,"__unsaved":1,"owner":"Administrator","system_page":0,"standard":"Yes","roles":[],"page_name":"dataConfiguration","title":"Data Configuration","module":"dataconfig"}', 'action': 'Save', 'cmd': 'frappe.desk.form.save.savedocs'}
2025-04-23 11:38:45,828 ERROR frappe New Exception collected in error log
Site: erpnext.localhost
Form Dict: {'docs': '{"name":"Customize Form","owner":"Administrator","docstatus":0,"idx":0,"grid_page_length":0,"istable":0,"is_calendar_and_gantt":0,"editable_grid":0,"quick_entry":1,"track_changes":0,"track_views":0,"allow_auto_repeat":0,"allow_import":0,"queue_in_background":0,"naming_rule":"","max_attachments":0,"allow_copy":0,"make_attachments_public":0,"protect_attached_files":0,"show_title_field_in_link":0,"translated_doctype":0,"force_re_route_to_default_view":0,"show_preview_popup":0,"email_append_to":0,"sort_order":"ASC","doctype":"Customize Form","actions":[],"links":[],"states":[],"fields":[],"__last_sync_on":"2025-04-23T08:38:38.528Z","doc_type":"Page"}', 'method': 'fetch_to_customize', 'cmd': 'run_doc_method'}
2025-04-23 11:40:27,569 ERROR frappe New Exception collected in error log
Site: erpnext.localhost
Form Dict: {'date': '2025-04-23', 'raise_on_missing': 'true', 'cmd': 'erpnext.accounts.utils.get_fiscal_year'}
2025-04-23 11:40:27,829 ERROR frappe New Exception collected in error log
Site: erpnext.localhost
Form Dict: {'date': '2025-04-23', 'raise_on_missing': 'true', 'cmd': 'erpnext.accounts.utils.get_fiscal_year'}
2025-04-23 11:41:08,994 ERROR frappe New Exception collected in error log
Site: erpnext.localhost
Form Dict: {'date': '2025-04-23', 'raise_on_missing': 'true', 'cmd': 'erpnext.accounts.utils.get_fiscal_year'}
2025-04-23 11:41:09,299 ERROR frappe New Exception collected in error log
Site: erpnext.localhost
Form Dict: {'date': '2025-04-23', 'raise_on_missing': 'true', 'cmd': 'erpnext.accounts.utils.get_fiscal_year'}
2025-04-23 12:00:05,055 ERROR frappe New Exception collected in error log
Site: erpnext.localhost
Form Dict: {'date': '2025-04-23', 'raise_on_missing': 'true', 'cmd': 'erpnext.accounts.utils.get_fiscal_year'}
2025-04-23 12:00:05,374 ERROR frappe New Exception collected in error log
Site: erpnext.localhost
Form Dict: {'date': '2025-04-23', 'raise_on_missing': 'true', 'cmd': 'erpnext.accounts.utils.get_fiscal_year'}
2025-04-23 12:01:37,289 ERROR frappe New Exception collected in error log
Site: erpnext.localhost
Form Dict: {'date': '2025-04-23', 'raise_on_missing': 'true', 'cmd': 'erpnext.accounts.utils.get_fiscal_year'}
2025-04-23 12:01:37,556 ERROR frappe New Exception collected in error log
Site: erpnext.localhost
Form Dict: {'date': '2025-04-23', 'raise_on_missing': 'true', 'cmd': 'erpnext.accounts.utils.get_fiscal_year'}
2025-04-23 12:07:10,746 ERROR frappe New Exception collected in error log
Site: erpnext.localhost
Form Dict: {'date': '2025-04-23', 'raise_on_missing': 'true', 'cmd': 'erpnext.accounts.utils.get_fiscal_year'}
2025-04-23 12:07:11,021 ERROR frappe New Exception collected in error log
Site: erpnext.localhost
Form Dict: {'date': '2025-04-23', 'raise_on_missing': 'true', 'cmd': 'erpnext.accounts.utils.get_fiscal_year'}
2025-04-23 12:07:29,495 ERROR frappe New Exception collected in error log
Site: erpnext.localhost
Form Dict: {'date': '2025-04-23', 'raise_on_missing': 'true', 'cmd': 'erpnext.accounts.utils.get_fiscal_year'}
2025-04-23 12:07:29,789 ERROR frappe New Exception collected in error log
Site: erpnext.localhost
Form Dict: {'date': '2025-04-23', 'raise_on_missing': 'true', 'cmd': 'erpnext.accounts.utils.get_fiscal_year'}
2025-04-23 12:07:53,404 ERROR frappe New Exception collected in error log
Site: erpnext.localhost
Form Dict: {'report_name': 'Profit and Loss Statement', 'filters': '{"filter_based_on":"Fiscal Year","period_start_date":"2020-04-01","period_end_date":"2021-03-31","periodicity":"Yearly","include_default_book_entries":1,"company":"BICI (Demo)","from_fiscal_year":"","to_fiscal_year":""}', 'ignore_prepared_report': '1', 'cmd': 'frappe.desk.query_report.run'}
2025-04-23 13:53:12,309 ERROR frappe New Exception collected in error log
Site: erpnext.localhost
Form Dict: {'date': '2025-04-23', 'raise_on_missing': 'true', 'cmd': 'erpnext.accounts.utils.get_fiscal_year'}
2025-04-23 13:53:12,665 ERROR frappe New Exception collected in error log
Site: erpnext.localhost
Form Dict: {'date': '2025-04-23', 'raise_on_missing': 'true', 'cmd': 'erpnext.accounts.utils.get_fiscal_year'}
2025-04-23 14:33:07,963 ERROR frappe New Exception collected in error log
Site: erpnext.localhost
Form Dict: {'date': '2025-04-23', 'raise_on_missing': 'true', 'cmd': 'erpnext.accounts.utils.get_fiscal_year'}
2025-04-23 14:33:08,709 ERROR frappe New Exception collected in error log
Site: erpnext.localhost
Form Dict: {'date': '2025-04-23', 'raise_on_missing': 'true', 'cmd': 'erpnext.accounts.utils.get_fiscal_year'}
2025-04-23 14:36:10,831 ERROR frappe New Exception collected in error log
Site: erpnext.localhost
Form Dict: {'cmd': 'erpnext.dataconfig.page.data_configuration.data_configuration.py'}
2025-04-23 14:55:14,586 ERROR frappe New Exception collected in error log
Site: erpnext.localhost
Form Dict: {'date': '2025-04-23', 'raise_on_missing': 'true', 'cmd': 'erpnext.accounts.utils.get_fiscal_year'}
2025-04-23 14:55:14,840 ERROR frappe New Exception collected in error log
Site: erpnext.localhost
Form Dict: {'date': '2025-04-23', 'raise_on_missing': 'true', 'cmd': 'erpnext.accounts.utils.get_fiscal_year'}
2025-04-23 14:55:50,814 ERROR frappe New Exception collected in error log
Site: erpnext.localhost
Form Dict: {'cmd': 'dataconfig.page.data_configuration.data_configuration.py'}
2025-04-23 15:09:27,165 ERROR frappe New Exception collected in error log
Site: erpnext.localhost
Form Dict: {'date': '2025-04-23', 'raise_on_missing': 'true', 'cmd': 'erpnext.accounts.utils.get_fiscal_year'}
2025-04-23 15:09:27,412 ERROR frappe New Exception collected in error log
Site: erpnext.localhost
Form Dict: {'date': '2025-04-23', 'raise_on_missing': 'true', 'cmd': 'erpnext.accounts.utils.get_fiscal_year'}
2025-04-23 15:12:04,278 ERROR frappe New Exception collected in error log
Site: erpnext.localhost
Form Dict: {'cmd': 'erpnext.dataconfig.page.data_configuration.data_configuration.delete_all_data'}
2025-04-23 15:13:40,193 ERROR frappe New Exception collected in error log
Site: erpnext.localhost
Form Dict: {'date': '2025-04-23', 'raise_on_missing': 'true', 'cmd': 'erpnext.accounts.utils.get_fiscal_year'}
2025-04-23 15:13:40,440 ERROR frappe New Exception collected in error log
Site: erpnext.localhost
Form Dict: {'date': '2025-04-23', 'raise_on_missing': 'true', 'cmd': 'erpnext.accounts.utils.get_fiscal_year'}
2025-04-23 15:13:46,687 ERROR frappe New Exception collected in error log
Site: erpnext.localhost
Form Dict: {'cmd': 'erpnext.erpnext.dataconfig.page.data_configuration.data_configuration.delete_all_data'}
2025-04-23 15:16:18,786 ERROR frappe New Exception collected in error log
Site: erpnext.localhost
Form Dict: {'date': '2025-04-23', 'raise_on_missing': 'true', 'cmd': 'erpnext.accounts.utils.get_fiscal_year'}
2025-04-23 15:16:19,076 ERROR frappe New Exception collected in error log
Site: erpnext.localhost
Form Dict: {'date': '2025-04-23', 'raise_on_missing': 'true', 'cmd': 'erpnext.accounts.utils.get_fiscal_year'}
2025-04-23 15:19:45,909 ERROR frappe New Exception collected in error log
Site: erpnext.localhost
Form Dict: {'date': '2025-04-23', 'raise_on_missing': 'true', 'cmd': 'erpnext.accounts.utils.get_fiscal_year'}
2025-04-23 15:19:46,213 ERROR frappe New Exception collected in error log
Site: erpnext.localhost
Form Dict: {'date': '2025-04-23', 'raise_on_missing': 'true', 'cmd': 'erpnext.accounts.utils.get_fiscal_year'}
2025-04-23 15:25:52,225 ERROR frappe New Exception collected in error log
Site: erpnext.localhost
Form Dict: {'date': '2025-04-23', 'raise_on_missing': 'true', 'cmd': 'erpnext.accounts.utils.get_fiscal_year'}
2025-04-23 15:25:53,708 ERROR frappe New Exception collected in error log
Site: erpnext.localhost
Form Dict: {'report_name': 'Sales Order Trends', 'filters': '{"period":"Monthly","based_on":"Item","company":"BICI (Demo)","fiscal_year":""}', 'ignore_prepared_report': '1', 'cmd': 'frappe.desk.query_report.run'}
2025-04-23 16:37:22,800 ERROR frappe New Exception collected in error log
Site: erpnext.localhost
Form Dict: {'date': '2025-04-23', 'raise_on_missing': 'true', 'cmd': 'erpnext.accounts.utils.get_fiscal_year'}
2025-04-23 16:37:23,093 ERROR frappe New Exception collected in error log
Site: erpnext.localhost
Form Dict: {'date': '2025-04-23', 'raise_on_missing': 'true', 'cmd': 'erpnext.accounts.utils.get_fiscal_year'}
2025-04-23 16:39:54,087 ERROR frappe New Exception collected in error log
Site: erpnext.localhost
Form Dict: {'cmd': 'erpnext.dataconfig.page.data_configuration.data_configuration.import_csv'}
2025-04-23 16:42:54,155 ERROR frappe New Exception collected in error log
Site: erpnext.localhost
Form Dict: {'date': '2025-04-23', 'raise_on_missing': 'true', 'cmd': 'erpnext.accounts.utils.get_fiscal_year'}
2025-04-23 16:42:54,458 ERROR frappe New Exception collected in error log
Site: erpnext.localhost
Form Dict: {'date': '2025-04-23', 'raise_on_missing': 'true', 'cmd': 'erpnext.accounts.utils.get_fiscal_year'}
2025-04-23 16:43:20,982 ERROR frappe New Exception collected in error log
Site: erpnext.localhost
Form Dict: {'cmd': 'erpnext.dataconfig.page.data_configuration.data_configuration.import_csv'}
2025-04-23 16:45:33,000 ERROR frappe New Exception collected in error log
Site: erpnext.localhost
Form Dict: {'date': '2025-04-23', 'raise_on_missing': 'true', 'cmd': 'erpnext.accounts.utils.get_fiscal_year'}
2025-04-23 16:45:33,260 ERROR frappe New Exception collected in error log
Site: erpnext.localhost
Form Dict: {'date': '2025-04-23', 'raise_on_missing': 'true', 'cmd': 'erpnext.accounts.utils.get_fiscal_year'}
2025-04-23 16:49:36,485 ERROR frappe New Exception collected in error log
Site: erpnext.localhost
Form Dict: {'date': '2025-04-23', 'raise_on_missing': 'true', 'cmd': 'erpnext.accounts.utils.get_fiscal_year'}
2025-04-23 16:49:41,937 ERROR frappe New Exception collected in error log
Site: erpnext.localhost
Form Dict: {'date': '2025-04-23', 'raise_on_missing': 'true', 'cmd': 'erpnext.accounts.utils.get_fiscal_year'}
2025-04-23 16:52:44,969 ERROR frappe New Exception collected in error log
Site: erpnext.localhost
Form Dict: {'date': '2025-04-23', 'raise_on_missing': 'true', 'cmd': 'erpnext.accounts.utils.get_fiscal_year'}
2025-04-23 16:52:45,458 ERROR frappe New Exception collected in error log
Site: erpnext.localhost
Form Dict: {'date': '2025-04-23', 'raise_on_missing': 'true', 'cmd': 'erpnext.accounts.utils.get_fiscal_year'}
2025-04-23 17:00:23,997 ERROR frappe New Exception collected in error log
Site: erpnext.localhost
Form Dict: {'date': '2025-04-23', 'raise_on_missing': 'true', 'cmd': 'erpnext.accounts.utils.get_fiscal_year'}
2025-04-23 17:00:24,509 ERROR frappe New Exception collected in error log
Site: erpnext.localhost
Form Dict: {'date': '2025-04-23', 'raise_on_missing': 'true', 'cmd': 'erpnext.accounts.utils.get_fiscal_year'}
2025-04-23 17:03:01,441 ERROR frappe New Exception collected in error log
Site: erpnext.localhost
Form Dict: {'date': '2025-04-23', 'raise_on_missing': 'true', 'cmd': 'erpnext.accounts.utils.get_fiscal_year'}
2025-04-23 17:03:02,522 ERROR frappe New Exception collected in error log
Site: erpnext.localhost
Form Dict: {'date': '2025-04-23', 'raise_on_missing': 'true', 'cmd': 'erpnext.accounts.utils.get_fiscal_year'}
2025-04-23 17:06:15,102 ERROR frappe New Exception collected in error log
Site: erpnext.localhost
Form Dict: {'date': '2025-04-23', 'raise_on_missing': 'true', 'cmd': 'erpnext.accounts.utils.get_fiscal_year'}
2025-04-23 17:06:15,512 ERROR frappe New Exception collected in error log
Site: erpnext.localhost
Form Dict: {'date': '2025-04-23', 'raise_on_missing': 'true', 'cmd': 'erpnext.accounts.utils.get_fiscal_year'}
2025-04-23 17:15:03,444 ERROR frappe New Exception collected in error log
Site: erpnext.localhost
Form Dict: {'date': '2025-04-23', 'raise_on_missing': 'true', 'cmd': 'erpnext.accounts.utils.get_fiscal_year'}
2025-04-23 17:15:03,721 ERROR frappe New Exception collected in error log
Site: erpnext.localhost
Form Dict: {'date': '2025-04-23', 'raise_on_missing': 'true', 'cmd': 'erpnext.accounts.utils.get_fiscal_year'}
2025-04-23 17:27:43,681 ERROR frappe Erreur à la ligne 3 : 1 validation error for CustomerCSVModel
customer_type
  Value error, The value must company, individual, partnership. [type=value_error, input_value='ccompany', input_type=str]
    For further information visit https://errors.pydantic.dev/2.10/v/value_error
Site: erpnext.localhost
Form Dict: {'delimiter': ',', 'cmd': 'erpnext.dataconfig.page.data_configuration.data_configuration.import_csv'}
2025-04-23 17:28:10,349 ERROR frappe New Exception collected in error log
Site: erpnext.localhost
Form Dict: {'delimiter': ',', 'cmd': 'erpnext.dataconfig.page.data_configuration.data_configuration.import_csv'}
2025-04-23 18:03:53,084 ERROR frappe New Exception collected in error log
Site: erpnext.localhost
Form Dict: {'date': '2025-04-23', 'raise_on_missing': 'true', 'cmd': 'erpnext.accounts.utils.get_fiscal_year'}
2025-04-23 18:03:53,505 ERROR frappe New Exception collected in error log
Site: erpnext.localhost
Form Dict: {'date': '2025-04-23', 'raise_on_missing': 'true', 'cmd': 'erpnext.accounts.utils.get_fiscal_year'}
2025-04-23 18:04:20,991 ERROR frappe Erreur critique pendant l'import
Site: erpnext.localhost
Form Dict: {'delimiter': ',', 'cmd': 'erpnext.dataconfig.page.data_configuration.data_configuration.import_csv'}
Traceback (most recent call last):
  File "/mnt/c/Users/TahinaBemax/Desktop/EvaluationS6/Saison_2/bench2.0/apps/erpnext/erpnext/dataconfig/page/data_configuration/data_configuration.py", line 39, in import_csv
    customer = CustomerCSVModel(**row)
  File "/mnt/c/Users/TahinaBemax/Desktop/EvaluationS6/Saison_2/bench2.0/env/lib/python3.10/site-packages/pydantic/main.py", line 214, in __init__
    validated_self = self.__pydantic_validator__.validate_python(data, self_instance=self)
pydantic_core._pydantic_core.ValidationError: 1 validation error for CustomerCSVModel
customer_type
  Value error, The value must company, individual, partnership. [type=value_error, input_value='ccompany', input_type=str]
    For further information visit https://errors.pydantic.dev/2.10/v/value_error

During handling of the above exception, another exception occurred:

Traceback (most recent call last):
  File "/mnt/c/Users/TahinaBemax/Desktop/EvaluationS6/Saison_2/bench2.0/apps/erpnext/erpnext/dataconfig/page/data_configuration/data_configuration.py", line 53, in import_csv
    except ValidationError|Exception as ve:
TypeError: catching classes that do not inherit from BaseException is not allowed
2025-04-23 18:07:29,629 ERROR frappe New Exception collected in error log
Site: erpnext.localhost
Form Dict: {'date': '2025-04-23', 'raise_on_missing': 'true', 'cmd': 'erpnext.accounts.utils.get_fiscal_year'}
2025-04-23 18:07:30,001 ERROR frappe New Exception collected in error log
Site: erpnext.localhost
Form Dict: {'date': '2025-04-23', 'raise_on_missing': 'true', 'cmd': 'erpnext.accounts.utils.get_fiscal_year'}
2025-04-23 18:07:40,975 ERROR frappe Erreur critique pendant l'import
Site: erpnext.localhost
Form Dict: {'delimiter': ',', 'cmd': 'erpnext.dataconfig.page.data_configuration.data_configuration.import_csv'}
Traceback (most recent call last):
  File "/mnt/c/Users/TahinaBemax/Desktop/EvaluationS6/Saison_2/bench2.0/apps/erpnext/erpnext/dataconfig/page/data_configuration/data_configuration.py", line 39, in import_csv
    customer = CustomerCSVModel(**row)
  File "/mnt/c/Users/TahinaBemax/Desktop/EvaluationS6/Saison_2/bench2.0/env/lib/python3.10/site-packages/pydantic/main.py", line 214, in __init__
    validated_self = self.__pydantic_validator__.validate_python(data, self_instance=self)
pydantic_core._pydantic_core.ValidationError: 1 validation error for CustomerCSVModel
customer_type
  Value error, The value must company, individual, partnership. [type=value_error, input_value='ccompany', input_type=str]
    For further information visit https://errors.pydantic.dev/2.10/v/value_error

During handling of the above exception, another exception occurred:

Traceback (most recent call last):
  File "/mnt/c/Users/TahinaBemax/Desktop/EvaluationS6/Saison_2/bench2.0/apps/erpnext/erpnext/dataconfig/page/data_configuration/data_configuration.py", line 53, in import_csv
    except (ValidationError, Exception) as ve:
TypeError: catching classes that do not inherit from BaseException is not allowed
2025-04-23 18:12:02,763 ERROR frappe New Exception collected in error log
Site: erpnext.localhost
Form Dict: {'date': '2025-04-23', 'raise_on_missing': 'true', 'cmd': 'erpnext.accounts.utils.get_fiscal_year'}
2025-04-23 18:12:04,693 ERROR frappe New Exception collected in error log
Site: erpnext.localhost
Form Dict: {'date': '2025-04-23', 'raise_on_missing': 'true', 'cmd': 'erpnext.accounts.utils.get_fiscal_year'}
2025-04-23 18:12:53,250 ERROR frappe 1 validation error for CustomerCSVModel
customer_type
  Value error, The value must company, individual, partnership. [type=value_error, input_value='ccompany', input_type=str]
    For further information visit https://errors.pydantic.dev/2.10/v/value_error
Site: erpnext.localhost
Form Dict: {'delimiter': ',', 'cmd': 'erpnext.dataconfig.page.data_configuration.data_configuration.import_csv'}
2025-04-23 18:12:53,256 ERROR frappe Erreur critique pendant l'import
Site: erpnext.localhost
Form Dict: {'delimiter': ',', 'cmd': 'erpnext.dataconfig.page.data_configuration.data_configuration.import_csv'}
Traceback (most recent call last):
  File "/mnt/c/Users/TahinaBemax/Desktop/EvaluationS6/Saison_2/bench2.0/apps/erpnext/erpnext/dataconfig/page/data_configuration/data_configuration.py", line 39, in import_csv
    customer = CustomerCSVModel(**row)
  File "/mnt/c/Users/TahinaBemax/Desktop/EvaluationS6/Saison_2/bench2.0/env/lib/python3.10/site-packages/pydantic/main.py", line 214, in __init__
    validated_self = self.__pydantic_validator__.validate_python(data, self_instance=self)
pydantic_core._pydantic_core.ValidationError: 1 validation error for CustomerCSVModel
customer_type
  Value error, The value must company, individual, partnership. [type=value_error, input_value='ccompany', input_type=str]
    For further information visit https://errors.pydantic.dev/2.10/v/value_error

During handling of the above exception, another exception occurred:

Traceback (most recent call last):
  File "/mnt/c/Users/TahinaBemax/Desktop/EvaluationS6/Saison_2/bench2.0/apps/erpnext/erpnext/dataconfig/page/data_configuration/data_configuration.py", line 61, in import_csv
    errors=[str(e)]
UnboundLocalError: local variable 'e' referenced before assignment
2025-04-23 18:20:26,344 ERROR frappe New Exception collected in error log
Site: erpnext.localhost
Form Dict: {'date': '2025-04-23', 'raise_on_missing': 'true', 'cmd': 'erpnext.accounts.utils.get_fiscal_year'}
2025-04-23 18:20:26,845 ERROR frappe New Exception collected in error log
Site: erpnext.localhost
Form Dict: {'date': '2025-04-23', 'raise_on_missing': 'true', 'cmd': 'erpnext.accounts.utils.get_fiscal_year'}
2025-04-23 18:20:59,011 ERROR frappe 1 validation error for CustomerCSVModel
customer_type
  Value error, The value must company, individual, partnership. [type=value_error, input_value='ccompany', input_type=str]
    For further information visit https://errors.pydantic.dev/2.10/v/value_error
Site: erpnext.localhost
Form Dict: {'delimiter': ',', 'cmd': 'erpnext.dataconfig.page.data_configuration.data_configuration.import_csv'}
2025-04-23 18:34:20,933 ERROR frappe New Exception collected in error log
Site: erpnext.localhost
Form Dict: {'date': '2025-04-23', 'raise_on_missing': 'true', 'cmd': 'erpnext.accounts.utils.get_fiscal_year'}
2025-04-23 18:34:21,753 ERROR frappe New Exception collected in error log
Site: erpnext.localhost
Form Dict: {'date': '2025-04-23', 'raise_on_missing': 'true', 'cmd': 'erpnext.accounts.utils.get_fiscal_year'}
2025-04-23 18:34:43,827 ERROR frappe 1 validation error for CustomerCSVModel
customer_type
  Value error, The value must company, individual, partnership. [type=value_error, input_value='ccompany', input_type=str]
    For further information visit https://errors.pydantic.dev/2.10/v/value_error
Site: erpnext.localhost
Form Dict: {'delimiter': ',', 'cmd': 'erpnext.dataconfig.page.data_configuration.data_configuration.import_csv'}
2025-04-23 18:34:43,838 ERROR frappe An error occured during importation
Site: erpnext.localhost
Form Dict: {'delimiter': ',', 'cmd': 'erpnext.dataconfig.page.data_configuration.data_configuration.import_csv'}
Traceback (most recent call last):
  File "/mnt/c/Users/TahinaBemax/Desktop/EvaluationS6/Saison_2/bench2.0/apps/erpnext/erpnext/dataconfig/page/data_configuration/data_configuration.py", line 57, in import_csv
    return ImportCSVResponse(
  File "/mnt/c/Users/TahinaBemax/Desktop/EvaluationS6/Saison_2/bench2.0/env/lib/python3.10/site-packages/pydantic/main.py", line 214, in __init__
    validated_self = self.__pydantic_validator__.validate_python(data, self_instance=self)
pydantic_core._pydantic_core.ValidationError: 1 validation error for ImportCSVResponse
errors
  Input should be a valid list [type=list_type, input_value=<built-in method errors o...bject at 0x7f19554da140>, input_type=builtin_function_or_method]
    For further information visit https://errors.pydantic.dev/2.10/v/list_type
2025-04-23 18:34:47,253 ERROR frappe New Exception collected in error log
Site: erpnext.localhost
Form Dict: {'delimiter': ',', 'cmd': 'erpnext.dataconfig.page.data_configuration.data_configuration.import_csv'}
2025-04-23 18:35:30,578 ERROR frappe New Exception collected in error log
Site: erpnext.localhost
Form Dict: {'date': '2025-04-23', 'raise_on_missing': 'true', 'cmd': 'erpnext.accounts.utils.get_fiscal_year'}
2025-04-23 18:35:31,876 ERROR frappe New Exception collected in error log
Site: erpnext.localhost
Form Dict: {'date': '2025-04-23', 'raise_on_missing': 'true', 'cmd': 'erpnext.accounts.utils.get_fiscal_year'}
2025-04-23 18:36:05,147 ERROR frappe 1 validation error for CustomerCSVModel
customer_type
  Value error, The value must company, individual, partnership. [type=value_error, input_value='ccompany', input_type=str]
    For further information visit https://errors.pydantic.dev/2.10/v/value_error
Site: erpnext.localhost
Form Dict: {'delimiter': ',', 'cmd': 'erpnext.dataconfig.page.data_configuration.data_configuration.import_csv'}
2025-04-23 18:36:05,155 ERROR frappe An error occured during importation
Site: erpnext.localhost
Form Dict: {'delimiter': ',', 'cmd': 'erpnext.dataconfig.page.data_configuration.data_configuration.import_csv'}
Traceback (most recent call last):
  File "/mnt/c/Users/TahinaBemax/Desktop/EvaluationS6/Saison_2/bench2.0/apps/erpnext/erpnext/dataconfig/page/data_configuration/data_configuration.py", line 57, in import_csv
    return ImportCSVResponse(
  File "/mnt/c/Users/TahinaBemax/Desktop/EvaluationS6/Saison_2/bench2.0/env/lib/python3.10/site-packages/pydantic/main.py", line 214, in __init__
    validated_self = self.__pydantic_validator__.validate_python(data, self_instance=self)
pydantic_core._pydantic_core.ValidationError: 1 validation error for ImportCSVResponse
errors
  Input should be a valid list [type=list_type, input_value=<built-in method errors o...bject at 0x7f1964480740>, input_type=builtin_function_or_method]
    For further information visit https://errors.pydantic.dev/2.10/v/list_type
2025-04-23 18:36:05,473 ERROR frappe New Exception collected in error log
Site: erpnext.localhost
Form Dict: {'delimiter': ',', 'cmd': 'erpnext.dataconfig.page.data_configuration.data_configuration.import_csv'}
2025-04-23 18:41:59,754 ERROR frappe New Exception collected in error log
Site: erpnext.localhost
Form Dict: {'date': '2025-04-23', 'raise_on_missing': 'true', 'cmd': 'erpnext.accounts.utils.get_fiscal_year'}
2025-04-23 18:42:00,237 ERROR frappe New Exception collected in error log
Site: erpnext.localhost
Form Dict: {'date': '2025-04-23', 'raise_on_missing': 'true', 'cmd': 'erpnext.accounts.utils.get_fiscal_year'}
2025-04-23 18:42:23,993 ERROR frappe 1 validation error for CustomerCSVModel
customer_type
  Value error, The value must company, individual, partnership. [type=value_error, input_value='ccompany', input_type=str]
    For further information visit https://errors.pydantic.dev/2.10/v/value_error
Site: erpnext.localhost
Form Dict: {'delimiter': ',', 'cmd': 'erpnext.dataconfig.page.data_configuration.data_configuration.import_csv'}
2025-04-23 18:42:24,007 ERROR frappe An error occured during importation
Site: erpnext.localhost
Form Dict: {'delimiter': ',', 'cmd': 'erpnext.dataconfig.page.data_configuration.data_configuration.import_csv'}
Traceback (most recent call last):
  File "/mnt/c/Users/TahinaBemax/Desktop/EvaluationS6/Saison_2/bench2.0/apps/erpnext/erpnext/dataconfig/page/data_configuration/data_configuration.py", line 39, in import_csv
    customer = CustomerCSVModel(**row)
  File "/mnt/c/Users/TahinaBemax/Desktop/EvaluationS6/Saison_2/bench2.0/env/lib/python3.10/site-packages/pydantic/main.py", line 214, in __init__
    validated_self = self.__pydantic_validator__.validate_python(data, self_instance=self)
pydantic_core._pydantic_core.ValidationError: 1 validation error for CustomerCSVModel
customer_type
  Value error, The value must company, individual, partnership. [type=value_error, input_value='ccompany', input_type=str]
    For further information visit https://errors.pydantic.dev/2.10/v/value_error

During handling of the above exception, another exception occurred:

Traceback (most recent call last):
  File "/mnt/c/Users/TahinaBemax/Desktop/EvaluationS6/Saison_2/bench2.0/apps/erpnext/erpnext/dataconfig/page/data_configuration/data_configuration.py", line 55, in import_csv
    errors = [error['msg'] for error in e.errors()]
UnboundLocalError: local variable 'e' referenced before assignment
2025-04-23 18:42:26,061 ERROR frappe New Exception collected in error log
Site: erpnext.localhost
Form Dict: {'delimiter': ',', 'cmd': 'erpnext.dataconfig.page.data_configuration.data_configuration.import_csv'}
2025-04-23 18:47:52,177 ERROR frappe New Exception collected in error log
Site: erpnext.localhost
Form Dict: {'date': '2025-04-23', 'raise_on_missing': 'true', 'cmd': 'erpnext.accounts.utils.get_fiscal_year'}
2025-04-23 18:48:01,725 ERROR frappe New Exception collected in error log
Site: erpnext.localhost
Form Dict: {'date': '2025-04-23', 'raise_on_missing': 'true', 'cmd': 'erpnext.accounts.utils.get_fiscal_year'}
2025-04-23 18:48:21,302 ERROR frappe 1 validation error for CustomerCSVModel
customer_type
  Value error, The value must company, individual, partnership. [type=value_error, input_value='ccompany', input_type=str]
    For further information visit https://errors.pydantic.dev/2.10/v/value_error
Site: erpnext.localhost
Form Dict: {'delimiter': ',', 'cmd': 'erpnext.dataconfig.page.data_configuration.data_configuration.import_csv'}
2025-04-23 18:54:12,056 ERROR frappe New Exception collected in error log
Site: erpnext.localhost
Form Dict: {'date': '2025-04-23', 'raise_on_missing': 'true', 'cmd': 'erpnext.accounts.utils.get_fiscal_year'}
2025-04-23 18:54:12,592 ERROR frappe New Exception collected in error log
Site: erpnext.localhost
Form Dict: {'date': '2025-04-23', 'raise_on_missing': 'true', 'cmd': 'erpnext.accounts.utils.get_fiscal_year'}
2025-04-23 18:54:35,201 ERROR frappe 1 validation error for CustomerCSVModel
customer_type
  Value error, Should not empty [type=value_error, input_value='', input_type=str]
    For further information visit https://errors.pydantic.dev/2.10/v/value_error
Site: erpnext.localhost
Form Dict: {'delimiter': ',', 'cmd': 'erpnext.dataconfig.page.data_configuration.data_configuration.import_csv'}
2025-04-23 18:55:39,057 ERROR frappe 1 validation error for CustomerCSVModel
customer_type
  Value error, The value must company, individual, partnership. [type=value_error, input_value='partenership', input_type=str]
    For further information visit https://errors.pydantic.dev/2.10/v/value_error
Site: erpnext.localhost
Form Dict: {'delimiter': ',', 'cmd': 'erpnext.dataconfig.page.data_configuration.data_configuration.import_csv'}
2025-04-23 18:56:58,095 ERROR frappe 1 validation error for CustomerCSVModel
customer_type
  Value error, The value must company, individual, partnership. [type=value_error, input_value='Company', input_type=str]
    For further information visit https://errors.pydantic.dev/2.10/v/value_error
Site: erpnext.localhost
Form Dict: {'delimiter': ',', 'cmd': 'erpnext.dataconfig.page.data_configuration.data_configuration.import_csv'}
2025-04-23 18:58:00,172 ERROR frappe 1 validation error for CustomerCSVModel
customer_type
  Value error, The value must company, individual, partnership. [type=value_error, input_value='Company', input_type=str]
    For further information visit https://errors.pydantic.dev/2.10/v/value_error
Site: erpnext.localhost
Form Dict: {'delimiter': ',', 'cmd': 'erpnext.dataconfig.page.data_configuration.data_configuration.import_csv'}
2025-04-23 18:58:09,428 ERROR frappe 1 validation error for CustomerCSVModel
customer_type
  Value error, The value must company, individual, partnership. [type=value_error, input_value='Company', input_type=str]
    For further information visit https://errors.pydantic.dev/2.10/v/value_error
Site: erpnext.localhost
Form Dict: {'delimiter': ',', 'cmd': 'erpnext.dataconfig.page.data_configuration.data_configuration.import_csv'}
2025-04-23 18:58:37,888 ERROR frappe New Exception collected in error log
Site: erpnext.localhost
Form Dict: {'date': '2025-04-23', 'raise_on_missing': 'true', 'cmd': 'erpnext.accounts.utils.get_fiscal_year'}
2025-04-23 18:58:32,081 ERROR frappe New Exception collected in error log
Site: erpnext.localhost
Form Dict: {'date': '2025-04-23', 'raise_on_missing': 'true', 'cmd': 'erpnext.accounts.utils.get_fiscal_year'}
2025-04-23 19:00:47,458 ERROR frappe 1 validation error for CustomerCSVModel
customer_type
  Value error, The value must company, individual, partnership. [type=value_error, input_value='Company', input_type=str]
    For further information visit https://errors.pydantic.dev/2.10/v/value_error
Site: erpnext.localhost
Form Dict: {'delimiter': ',', 'cmd': 'erpnext.dataconfig.page.data_configuration.data_configuration.import_csv'}
2025-04-23 19:04:36,901 ERROR frappe New Exception collected in error log
Site: erpnext.localhost
Form Dict: {'date': '2025-04-23', 'raise_on_missing': 'true', 'cmd': 'erpnext.accounts.utils.get_fiscal_year'}
2025-04-23 19:04:38,475 ERROR frappe New Exception collected in error log
Site: erpnext.localhost
Form Dict: {'date': '2025-04-23', 'raise_on_missing': 'true', 'cmd': 'erpnext.accounts.utils.get_fiscal_year'}
2025-04-23 19:04:41,054 ERROR frappe New Exception collected in error log
Site: erpnext.localhost
Form Dict: {'date': '2025-04-23', 'raise_on_missing': 'true', 'cmd': 'erpnext.accounts.utils.get_fiscal_year'}
2025-04-23 19:04:41,420 ERROR frappe New Exception collected in error log
Site: erpnext.localhost
Form Dict: {'date': '2025-04-23', 'raise_on_missing': 'true', 'cmd': 'erpnext.accounts.utils.get_fiscal_year'}
2025-04-23 19:08:39,476 ERROR frappe 1 validation error for CustomerCSVModel
customer_type
  Value error, The value must company, individual, partnership. [type=value_error, input_value='Company', input_type=str]
    For further information visit https://errors.pydantic.dev/2.10/v/value_error
Site: erpnext.localhost
Form Dict: {'delimiter': ',', 'cmd': 'erpnext.dataconfig.page.data_configuration.data_configuration.import_csv'}
2025-04-23 20:16:38,472 ERROR frappe New Exception collected in error log
Site: erpnext.localhost
Form Dict: {'date': '2025-04-23', 'raise_on_missing': 'true', 'cmd': 'erpnext.accounts.utils.get_fiscal_year'}
2025-04-23 20:16:38,800 ERROR frappe New Exception collected in error log
Site: erpnext.localhost
Form Dict: {'date': '2025-04-23', 'raise_on_missing': 'true', 'cmd': 'erpnext.accounts.utils.get_fiscal_year'}
2025-04-23 20:32:17,507 ERROR frappe New Exception collected in error log
Site: erpnext.localhost
Form Dict: {'date': '2025-04-23', 'raise_on_missing': 'true', 'cmd': 'erpnext.accounts.utils.get_fiscal_year'}
2025-04-23 20:32:17,795 ERROR frappe New Exception collected in error log
Site: erpnext.localhost
Form Dict: {'date': '2025-04-23', 'raise_on_missing': 'true', 'cmd': 'erpnext.accounts.utils.get_fiscal_year'}
2025-04-23 20:32:58,838 ERROR frappe 1 validation error for CustomerCSVModel
customer_type
  Value error, The value must company, individual, partnership. [type=value_error, input_value='Company', input_type=str]
    For further information visit https://errors.pydantic.dev/2.10/v/value_error
Site: erpnext.localhost
Form Dict: {'delimiter': ',', 'cmd': 'erpnext.dataconfig.page.data_configuration.data_configuration.import_csv'}
2025-04-23 20:34:44,396 ERROR frappe 1 validation error for CustomerCSVModel
customer_type
  Value error, The value must company, individual, partnership. [type=value_error, input_value='company', input_type=str]
    For further information visit https://errors.pydantic.dev/2.10/v/value_error
Site: erpnext.localhost
Form Dict: {'delimiter': ',', 'cmd': 'erpnext.dataconfig.page.data_configuration.data_configuration.import_csv'}
2025-04-23 20:34:57,304 ERROR frappe New Exception collected in error log
Site: erpnext.localhost
Form Dict: {'date': '2025-04-23', 'raise_on_missing': 'true', 'cmd': 'erpnext.accounts.utils.get_fiscal_year'}
2025-04-23 20:34:57,622 ERROR frappe New Exception collected in error log
Site: erpnext.localhost
Form Dict: {'date': '2025-04-23', 'raise_on_missing': 'true', 'cmd': 'erpnext.accounts.utils.get_fiscal_year'}
2025-04-23 20:35:06,690 ERROR frappe 1 validation error for CustomerCSVModel
customer_type
  Value error, The value must company, individual, partnership. [type=value_error, input_value='company', input_type=str]
    For further information visit https://errors.pydantic.dev/2.10/v/value_error
Site: erpnext.localhost
Form Dict: {'delimiter': ',', 'cmd': 'erpnext.dataconfig.page.data_configuration.data_configuration.import_csv'}
2025-04-23 20:36:27,893 ERROR frappe New Exception collected in error log
Site: erpnext.localhost
Form Dict: {'date': '2025-04-23', 'raise_on_missing': 'true', 'cmd': 'erpnext.accounts.utils.get_fiscal_year'}
2025-04-23 20:36:28,200 ERROR frappe New Exception collected in error log
Site: erpnext.localhost
Form Dict: {'date': '2025-04-23', 'raise_on_missing': 'true', 'cmd': 'erpnext.accounts.utils.get_fiscal_year'}
2025-04-23 20:36:42,638 ERROR frappe 1 validation error for CustomerCSVModel
customer_type
  Value error, The value must company, individual, partnership. [type=value_error, input_value='company', input_type=str]
    For further information visit https://errors.pydantic.dev/2.10/v/value_error
Site: erpnext.localhost
Form Dict: {'delimiter': ',', 'cmd': 'erpnext.dataconfig.page.data_configuration.data_configuration.import_csv'}
2025-04-23 20:39:52,096 ERROR frappe New Exception collected in error log
Site: erpnext.localhost
Form Dict: {'date': '2025-04-23', 'raise_on_missing': 'true', 'cmd': 'erpnext.accounts.utils.get_fiscal_year'}
2025-04-23 20:39:52,766 ERROR frappe New Exception collected in error log
Site: erpnext.localhost
Form Dict: {'date': '2025-04-23', 'raise_on_missing': 'true', 'cmd': 'erpnext.accounts.utils.get_fiscal_year'}
2025-04-23 20:43:55,993 ERROR frappe New Exception collected in error log
Site: erpnext.localhost
Form Dict: {'date': '2025-04-23', 'raise_on_missing': 'true', 'cmd': 'erpnext.accounts.utils.get_fiscal_year'}
2025-04-23 20:43:56,292 ERROR frappe New Exception collected in error log
Site: erpnext.localhost
Form Dict: {'date': '2025-04-23', 'raise_on_missing': 'true', 'cmd': 'erpnext.accounts.utils.get_fiscal_year'}
2025-04-23 20:46:52,686 ERROR frappe New Exception collected in error log
Site: erpnext.localhost
Form Dict: {'date': '2025-04-23', 'raise_on_missing': 'true', 'cmd': 'erpnext.accounts.utils.get_fiscal_year'}
2025-04-23 20:46:52,963 ERROR frappe New Exception collected in error log
Site: erpnext.localhost
Form Dict: {'date': '2025-04-23', 'raise_on_missing': 'true', 'cmd': 'erpnext.accounts.utils.get_fiscal_year'}
2025-04-23 20:47:28,290 ERROR frappe New Exception collected in error log
Site: erpnext.localhost
Form Dict: {'date': '2025-04-23', 'raise_on_missing': 'true', 'cmd': 'erpnext.accounts.utils.get_fiscal_year'}
2025-04-23 20:47:30,910 ERROR frappe New Exception collected in error log
Site: erpnext.localhost
Form Dict: {'date': '2025-04-23', 'raise_on_missing': 'true', 'cmd': 'erpnext.accounts.utils.get_fiscal_year'}
2025-04-23 20:47:39,805 ERROR frappe New Exception collected in error log
Site: erpnext.localhost
Form Dict: {'report_name': 'Purchase Order Trends', 'filters': '{"period":"Monthly","period_based_on":"posting_date","based_on":"Item","company":"BICI (Demo)","fiscal_year":""}', 'ignore_prepared_report': '1', 'cmd': 'frappe.desk.query_report.run'}
2025-04-23 20:47:42,477 ERROR frappe New Exception collected in error log
Site: erpnext.localhost
Form Dict: {'report_name': 'Sales Order Trends', 'filters': '{"period":"Monthly","based_on":"Item","company":"BICI (Demo)","fiscal_year":""}', 'ignore_prepared_report': '1', 'cmd': 'frappe.desk.query_report.run'}
2025-04-23 20:51:25,005 ERROR frappe New Exception collected in error log
Site: erpnext.localhost
Form Dict: {'doctype': 'Customer', 'name': 'George', 'cmd': 'frappe.desk.form.load.getdoc'}
2025-04-23 21:37:28,365 ERROR frappe New Exception collected in error log
Site: erpnext.localhost
Form Dict: {'date': '2025-04-23', 'raise_on_missing': 'true', 'cmd': 'erpnext.accounts.utils.get_fiscal_year'}
2025-04-23 21:37:28,666 ERROR frappe New Exception collected in error log
Site: erpnext.localhost
Form Dict: {'date': '2025-04-23', 'raise_on_missing': 'true', 'cmd': 'erpnext.accounts.utils.get_fiscal_year'}
2025-04-23 21:37:46,255 ERROR frappe  Customer Type cannot be "company". It should be one of "Company", "Individual", "Partnership"
Site: erpnext.localhost
Form Dict: {'delimiter': ',', 'cmd': 'erpnext.dataconfig.page.data_configuration.data_configuration.import_csv'}
2025-04-23 21:37:46,258 ERROR frappe An error occured during importation
Site: erpnext.localhost
Form Dict: {'delimiter': ',', 'cmd': 'erpnext.dataconfig.page.data_configuration.data_configuration.import_csv'}
Traceback (most recent call last):
  File "/mnt/c/Users/TahinaBemax/Desktop/EvaluationS6/Saison_2/bench2.0/apps/erpnext/erpnext/dataconfig/page/data_configuration/data_configuration.py", line 42, in import_csv
    frappe.get_doc({
  File "/mnt/c/Users/TahinaBemax/Desktop/EvaluationS6/Saison_2/bench2.0/apps/frappe/frappe/model/document.py", line 414, in insert
    self._validate()
  File "/mnt/c/Users/TahinaBemax/Desktop/EvaluationS6/Saison_2/bench2.0/apps/frappe/frappe/model/document.py", line 743, in _validate
    self._validate_selects()
  File "/mnt/c/Users/TahinaBemax/Desktop/EvaluationS6/Saison_2/bench2.0/apps/frappe/frappe/model/base_document.py", line 980, in _validate_selects
    frappe.throw(
  File "/mnt/c/Users/TahinaBemax/Desktop/EvaluationS6/Saison_2/bench2.0/apps/frappe/frappe/utils/messages.py", line 145, in throw
    msgprint(
  File "/mnt/c/Users/TahinaBemax/Desktop/EvaluationS6/Saison_2/bench2.0/apps/frappe/frappe/utils/messages.py", line 106, in msgprint
    _raise_exception()
  File "/mnt/c/Users/TahinaBemax/Desktop/EvaluationS6/Saison_2/bench2.0/apps/frappe/frappe/utils/messages.py", line 57, in _raise_exception
    raise exc
frappe.exceptions.ValidationError:  Customer Type cannot be "company". It should be one of "Company", "Individual", "Partnership"

During handling of the above exception, another exception occurred:

Traceback (most recent call last):
  File "/mnt/c/Users/TahinaBemax/Desktop/EvaluationS6/Saison_2/bench2.0/apps/erpnext/erpnext/dataconfig/page/data_configuration/data_configuration.py", line 64, in import_csv
    errors = [error['msg'] for error in ve.errors()]
AttributeError: 'ValidationError' object has no attribute 'errors'
2025-04-23 21:37:48,418 ERROR frappe New Exception collected in error log
Site: erpnext.localhost
Form Dict: {'delimiter': ',', 'cmd': 'erpnext.dataconfig.page.data_configuration.data_configuration.import_csv'}
2025-04-23 21:39:15,911 ERROR frappe New Exception collected in error log
Site: erpnext.localhost
Form Dict: {'date': '2025-04-23', 'raise_on_missing': 'true', 'cmd': 'erpnext.accounts.utils.get_fiscal_year'}
2025-04-23 21:39:19,485 ERROR frappe New Exception collected in error log
Site: erpnext.localhost
Form Dict: {'report_name': 'Sales Order Trends', 'filters': '{"period":"Monthly","based_on":"Item","company":"BICI (Demo)","fiscal_year":""}', 'ignore_prepared_report': '1', 'cmd': 'frappe.desk.query_report.run'}
2025-04-24 10:35:31,035 ERROR frappe New Exception collected in error log
Site: erpnext.localhost
Form Dict: {'date': '2025-04-24', 'raise_on_missing': 'true', 'cmd': 'erpnext.accounts.utils.get_fiscal_year'}
2025-04-24 10:35:31,398 ERROR frappe New Exception collected in error log
Site: erpnext.localhost
Form Dict: {'date': '2025-04-24', 'raise_on_missing': 'true', 'cmd': 'erpnext.accounts.utils.get_fiscal_year'}
2025-04-24 10:35:53,530 ERROR frappe New Exception collected in error log
Site: erpnext.localhost
Form Dict: {'date': '2025-04-24', 'raise_on_missing': 'true', 'cmd': 'erpnext.accounts.utils.get_fiscal_year'}
2025-04-24 10:36:01,536 ERROR frappe New Exception collected in error log
Site: erpnext.localhost
Form Dict: {'report_name': 'Sales Order Trends', 'filters': '{"period":"Monthly","based_on":"Item","company":"BICI (Demo)","fiscal_year":""}', 'ignore_prepared_report': '1', 'cmd': 'frappe.desk.query_report.run'}
2025-04-24 10:55:59,020 ERROR frappe New Exception collected in error log
Site: erpnext.localhost
Form Dict: {'date': '2025-04-24', 'raise_on_missing': 'true', 'cmd': 'erpnext.accounts.utils.get_fiscal_year'}
2025-04-24 10:55:59,420 ERROR frappe New Exception collected in error log
Site: erpnext.localhost
Form Dict: {'date': '2025-04-24', 'raise_on_missing': 'true', 'cmd': 'erpnext.accounts.utils.get_fiscal_year'}
2025-04-24 11:12:38,887 ERROR frappe New Exception collected in error log
Site: erpnext.localhost
Form Dict: {'date': '2025-04-24', 'raise_on_missing': 'true', 'cmd': 'erpnext.accounts.utils.get_fiscal_year'}
2025-04-24 11:12:46,904 ERROR frappe New Exception collected in error log
Site: erpnext.localhost
Form Dict: {'report_name': 'Sales Order Trends', 'filters': '{"period":"Monthly","based_on":"Item","company":"BICI (Demo)","fiscal_year":""}', 'ignore_prepared_report': '1', 'cmd': 'frappe.desk.query_report.run'}
2025-05-01 09:17:53,797 ERROR frappe New Exception collected in error log
Site: erpnext.localhost
Form Dict: {'date': '2025-05-01', 'raise_on_missing': 'true', 'cmd': 'erpnext.accounts.utils.get_fiscal_year'}
2025-05-01 09:17:54,274 ERROR frappe New Exception collected in error log
Site: erpnext.localhost
Form Dict: {'date': '2025-05-01', 'raise_on_missing': 'true', 'cmd': 'erpnext.accounts.utils.get_fiscal_year'}
2025-05-01 09:36:54,672 ERROR frappe New Exception collected in error log
Site: erpnext.localhost
Form Dict: {'date': '2025-05-01', 'raise_on_missing': 'true', 'cmd': 'erpnext.accounts.utils.get_fiscal_year'}
2025-05-01 09:36:55,214 ERROR frappe New Exception collected in error log
Site: erpnext.localhost
Form Dict: {'date': '2025-05-01', 'raise_on_missing': 'true', 'cmd': 'erpnext.accounts.utils.get_fiscal_year'}
2025-05-01 09:37:16,183 ERROR frappe New Exception collected in error log
Site: erpnext.localhost
Form Dict: {'date': '2025-05-01', 'raise_on_missing': 'true', 'cmd': 'erpnext.accounts.utils.get_fiscal_year'}
2025-05-01 09:37:17,348 ERROR frappe New Exception collected in error log
Site: erpnext.localhost
Form Dict: {'date': '2025-05-01', 'raise_on_missing': 'true', 'cmd': 'erpnext.accounts.utils.get_fiscal_year'}
2025-05-01 09:37:54,602 ERROR frappe New Exception collected in error log
Site: erpnext.localhost
Form Dict: {'report_name': 'Profit and Loss Statement', 'filters': '{"filter_based_on":"Fiscal Year","period_start_date":"2020-04-01","period_end_date":"2021-03-31","periodicity":"Yearly","include_default_book_entries":1,"company":"BICI (Demo)","from_fiscal_year":"","to_fiscal_year":""}', 'ignore_prepared_report': '1', 'cmd': 'frappe.desk.query_report.run'}
2025-05-01 09:46:01,351 ERROR frappe New Exception collected in error log
Site: erpnext.localhost
Form Dict: {'date': '2025-05-01', 'raise_on_missing': 'true', 'cmd': 'erpnext.accounts.utils.get_fiscal_year'}
2025-05-01 09:46:09,482 ERROR frappe New Exception collected in error log
Site: erpnext.localhost
Form Dict: {'report_name': 'Sales Order Trends', 'filters': '{"period":"Monthly","based_on":"Item","company":"BICI (Demo)","fiscal_year":""}', 'ignore_prepared_report': '1', 'cmd': 'frappe.desk.query_report.run'}
2025-05-01 10:24:25,114 ERROR frappe New Exception collected in error log
Site: erpnext.localhost
Form Dict: {'date': '2025-05-01', 'raise_on_missing': 'true', 'cmd': 'erpnext.accounts.utils.get_fiscal_year'}
2025-05-01 10:24:25,549 ERROR frappe New Exception collected in error log
Site: erpnext.localhost
Form Dict: {'date': '2025-05-01', 'raise_on_missing': 'true', 'cmd': 'erpnext.accounts.utils.get_fiscal_year'}
2025-05-01 10:27:09,856 ERROR frappe New Exception collected in error log
Site: erpnext.localhost
Form Dict: {'date': '2025-05-01', 'raise_on_missing': 'true', 'cmd': 'erpnext.accounts.utils.get_fiscal_year'}
2025-05-01 10:27:10,184 ERROR frappe New Exception collected in error log
Site: erpnext.localhost
Form Dict: {'date': '2025-05-01', 'raise_on_missing': 'true', 'cmd': 'erpnext.accounts.utils.get_fiscal_year'}
2025-05-01 19:37:19,616 ERROR frappe New Exception collected in error log
Site: erpnext.localhost
Form Dict: {'date': '2025-05-01', 'raise_on_missing': 'true', 'cmd': 'erpnext.accounts.utils.get_fiscal_year'}
2025-05-01 19:37:20,477 ERROR frappe New Exception collected in error log
Site: erpnext.localhost
Form Dict: {'date': '2025-05-01', 'raise_on_missing': 'true', 'cmd': 'erpnext.accounts.utils.get_fiscal_year'}
2025-05-01 20:06:54,509 ERROR frappe New Exception collected in error log
Site: erpnext.localhost
Form Dict: {'filters': '[["Request for Quotation Supplier.supplier","=","MA Inc."]]', 'fields': ['*'], 'limit_page_length': 20}
2025-05-01 20:09:18,630 ERROR frappe New Exception collected in error log
Site: erpnext.localhost
Form Dict: {'filters': '[["Request for Quotation Supplier.supplier","=","MA Inc."]]', 'fields': ['*'], 'limit_page_length': 20}
2025-05-01 20:39:57,949 ERROR frappe New Exception collected in error log
Site: erpnext.localhost
Form Dict: {'filters': '[["supplier","=","Zuckerman Security Ltd."]]', 'fields': ['*'], 'limit_page_length': 20}
2025-05-01 20:42:08,493 ERROR frappe New Exception collected in error log
Site: erpnext.localhost
Form Dict: {'filters': '[["supplier","=","Zuckerman Security Ltd."]]', 'fields': ['*'], 'limit_page_length': 20}
2025-05-01 20:46:28,382 ERROR frappe New Exception collected in error log
Site: erpnext.localhost
Form Dict: {'filters': '[["supplier","=","Zuckerman Security Ltd."]]', 'fields': ['*'], 'limit_page_length': 20}
2025-05-01 20:46:50,430 ERROR frappe New Exception collected in error log
Site: erpnext.localhost
Form Dict: {'filters': '[["supplier","=","MA Inc."]]', 'fields': ['*'], 'limit_page_length': 20}
2025-05-01 21:08:50,183 ERROR frappe New Exception collected in error log
Site: erpnext.localhost
Form Dict: {'amount': 12, 'expenseId': 1, 'limit_page_length': 20}
2025-05-01 21:47:00,280 ERROR frappe New Exception collected in error log
Site: erpnext.localhost
Form Dict: {'amount': 12, 'expenseId': 1, 'cmd': 'custom_app.api_rest.api.get_rfq_by_supplier'}
2025-05-01 21:48:46,458 ERROR frappe New Exception collected in error log
Site: erpnext.localhost
Form Dict: {'amount': 12, 'expenseId': 1, 'cmd': 'custom_app.api_rest.api.get_rfq_by_supplier'}
2025-05-01 21:56:58,489 ERROR frappe New Exception collected in error log
Site: erpnext.localhost
Form Dict: {'amount': 12, 'expenseId': 1, 'cmd': 'custom_app.api_rest.api.get_rfq_by_supplier'}
2025-05-01 21:57:14,207 ERROR frappe New Exception collected in error log
Site: erpnext.localhost
Form Dict: {'amount': 12, 'expenseId': 1, 'cmd': 'custom_app.api_rest.api.get_rfq_by_supplier'}
2025-05-01 21:58:36,080 ERROR frappe New Exception collected in error log
Site: erpnext.localhost
Form Dict: {'amount': 12, 'expenseId': 1, 'cmd': 'custom_app.api_rest.api.get_rfq_by_supplier'}
2025-05-02 08:06:04,695 ERROR frappe New Exception collected in error log
Site: erpnext.localhost
Form Dict: {'date': '2025-05-02', 'raise_on_missing': 'true', 'cmd': 'erpnext.accounts.utils.get_fiscal_year'}
2025-05-02 08:06:04,986 ERROR frappe New Exception collected in error log
Site: erpnext.localhost
Form Dict: {'date': '2025-05-02', 'raise_on_missing': 'true', 'cmd': 'erpnext.accounts.utils.get_fiscal_year'}
2025-05-02 08:57:21,935 ERROR frappe New Exception collected in error log
Site: erpnext.localhost
Form Dict: {'date': '2025-05-02', 'raise_on_missing': 'true', 'cmd': 'erpnext.accounts.utils.get_fiscal_year'}
2025-05-02 08:57:22,503 ERROR frappe New Exception collected in error log
Site: erpnext.localhost
Form Dict: {'date': '2025-05-02', 'raise_on_missing': 'true', 'cmd': 'erpnext.accounts.utils.get_fiscal_year'}
2025-05-02 08:57:54,530 ERROR frappe New Exception collected in error log
Site: erpnext.localhost
Form Dict: {'report_name': 'Profit and Loss Statement', 'filters': '{"filter_based_on":"Fiscal Year","period_start_date":"2020-04-01","period_end_date":"2021-03-31","periodicity":"Yearly","include_default_book_entries":1,"company":"BICI (Demo)","from_fiscal_year":"","to_fiscal_year":""}', 'ignore_prepared_report': '1', 'cmd': 'frappe.desk.query_report.run'}
2025-05-02 11:58:37,848 ERROR frappe New Exception collected in error log
Site: erpnext.localhost
Form Dict: {'filters': '[["supplier","=","Zuckerman%20Security%20Ltd."]]', 'fields': ['*'], 'limit_page_length': 20}
2025-05-02 12:02:09,371 ERROR frappe New Exception collected in error log
Site: erpnext.localhost
Form Dict: {'filters': '[["supplier","=","Zuckerman%20Security%20Ltd."]]', 'fields': ['*'], 'limit_page_length': 20}
2025-05-02 13:26:59,772 ERROR frappe New Exception collected in error log
Site: erpnext.localhost
Form Dict: {'filters': '[["supplier","=","MA Inc."]]', 'fields': ['*', 'items[*]'], 'limit_page_length': 20}
2025-05-02 13:39:37,493 ERROR frappe New Exception collected in error log
Site: erpnext.localhost
Form Dict: {'filters': '[["supplier","=","MA Inc."]]', 'fields': '[[Ljava.lang.String;@5080a69c,"items[[Ljava.lang.String;@54bf2854]"]'}
2025-05-02 13:44:56,209 ERROR frappe New Exception collected in error log
Site: erpnext.localhost
Form Dict: {'filters': '[["supplier","=","MA Inc."]]', 'fields': '[name,transaction_date,company,supplier,supplier_name,total_qty,"items[name,item_code,item_name,qty,rate,amount]"]'}
2025-05-02 13:47:14,417 ERROR frappe New Exception collected in error log
Site: erpnext.localhost
Form Dict: {'filters': '[["supplier","=","MA Inc."]]', 'fields': '[name","transaction_date","company","supplier","supplier_name","total_qty,"items[name","item_code","item_name","qty","rate","amount]"]'}
2025-05-02 13:48:50,074 ERROR frappe New Exception collected in error log
Site: erpnext.localhost
Form Dict: {'filters': '[["supplier","=","MA Inc."]]', 'fields': '[name","transaction_date","company","supplier","supplier_name","total_qty,"items[name","item_code","item_name","qty","rate","amount]"]'}
2025-05-02 13:49:57,643 ERROR frappe New Exception collected in error log
Site: erpnext.localhost
Form Dict: {'filters': '[["supplier","=","MA Inc."]]', 'fields': '["name","transaction_date","company","supplier","supplier_name","total_qty,"items[name","item_code","item_name","qty","rate","amount]"]'}
2025-05-02 13:51:13,322 ERROR frappe New Exception collected in error log
Site: erpnext.localhost
Form Dict: {'filters': '[["supplier","=","MA Inc."]]', 'fields': '["name","transaction_date","company","supplier","supplier_name","total_qty,"items[name","item_code","item_name","qty","rate","amount"]"]'}
2025-05-02 13:55:20,542 ERROR frappe New Exception collected in error log
Site: erpnext.localhost
Form Dict: {'filters': '[["supplier","=","MA Inc."]]', 'fields': '["name","transaction_date","company","supplier","supplier_name","total_qty,"items[name","item_code","item_name","qty","rate","amount"]"]'}
2025-05-02 13:56:25,172 ERROR frappe New Exception collected in error log
Site: erpnext.localhost
Form Dict: {'filters': '[["supplier","=","MA Inc."]]', 'fields': '["name","transaction_date","company","supplier","supplier_name","total_qty","items["name","item_code","item_name","qty","rate","amount"]"]'}
2025-05-02 13:58:55,353 ERROR frappe New Exception collected in error log
Site: erpnext.localhost
Form Dict: {'filters': '[["supplier","=","MA Inc."]]', 'fields': '["name","transaction_date","company","supplier","supplier_name","total_qty","items["name","item_code","item_name","qty","rate","amount"]"]'}
2025-05-02 13:59:06,817 ERROR frappe New Exception collected in error log
Site: erpnext.localhost
Form Dict: {'filters': '[["supplier","=","MA Inc."]]', 'fields': '["name","transaction_date","company","supplier","supplier_name","total_qty","items["name","item_code","item_name","qty","rate","amount"]"]'}
2025-05-02 14:08:08,970 ERROR frappe New Exception collected in error log
Site: erpnext.localhost
Form Dict: {'filters': '[["supplier","=","MA Inc."]]', 'fields': '["name,transaction_date,company,supplier,supplier_name,total_qty","items[name,item_code,item_name,qty,rate,amount"]"]'}
2025-05-02 14:34:17,709 ERROR frappe New Exception collected in error log
Site: erpnext.localhost
Form Dict: {'filters': '[["supplier","=","MA Inc."]]', 'fields': ['name', 'transaction_date', 'company', 'supplier', 'supplier_name', 'total_qty', 'items.name,items.item_code,items.item_name,items.qty,items.rate,items.amount'], 'limit_page_length': 20}
2025-05-02 14:38:00,189 ERROR frappe New Exception collected in error log
Site: erpnext.localhost
Form Dict: {'filters': '[["supplier","=","MA Inc."]]', 'fields': '%5B%22name%22%2C%22transaction_date%22%2C%22company%22%2C%22supplier%22%2C%22supplier_name%22%2C%22total_qty%22%2C%22items.item_code%22%2C%22items.item_name%22%2C%22items.qty%22%2C%22items.rate%22%2C%22items.amount%22%5D'}
2025-05-02 16:53:20,925 ERROR frappe New Exception collected in error log
Site: erpnext.localhost
Form Dict: {'rate': 330.73}
2025-05-02 16:56:14,184 ERROR frappe New Exception collected in error log
Site: erpnext.localhost
Form Dict: {'rate': 200.0}
2025-05-02 16:57:20,662 ERROR frappe New Exception collected in error log
Site: erpnext.localhost
Form Dict: {'rate': 200.0}
2025-05-02 17:02:27,306 ERROR frappe New Exception collected in error log
Site: erpnext.localhost
Form Dict: {'item_idx': '2', 'docs': '{"docstatus":0,"doctype":"Request for Quotation","name":"new-request-for-quotation-zlpcxxkwvm","__islocal":1,"__unsaved":1,"owner":"Administrator","naming_series":"PUR-RFQ-.YYYY.-","company":"BICI","transaction_date":"2025-05-02","status":"Draft","suppliers":[{"docstatus":0,"doctype":"Request for Quotation Supplier","name":"new-request-for-quotation-supplier-vjzsqtaolu","__islocal":1,"__unsaved":1,"owner":"Administrator","quote_status":"Pending","send_email":0,"email_sent":0,"parent":"new-request-for-quotation-zlpcxxkwvm","parentfield":"suppliers","parenttype":"Request for Quotation","idx":1,"supplier_name":"Summit Traders Ltd.","supplier":"Summit Traders Ltd.","contact":null,"email_id":null}],"items":[{"docstatus":0,"doctype":"Request for Quotation Item","name":"new-request-for-quotation-item-yaljwygmwm","__islocal":1,"__unsaved":1,"owner":"Administrator","schedule_date":"2025-05-09","stock_uom":"Nos","page_break":0,"parent":"new-request-for-quotation-zlpcxxkwvm","parentfield":"items","parenttype":"Request for Quotation","idx":1,"item_code":"SKU002","qty":3,"conversion_factor":0,"stock_qty":0,"total_weight":null,"has_margin":false,"child_docname":"new-request-for-quotation-item-yaljwygmwm","price_list_rate":0,"discount_percentage":0},{"docstatus":0,"doctype":"Request for Quotation Item","name":"new-request-for-quotation-item-khlwvzfwql","__islocal":1,"__unsaved":1,"owner":"Administrator","schedule_date":"2025-05-09","stock_uom":"Nos","page_break":0,"parent":"new-request-for-quotation-zlpcxxkwvm","parentfield":"items","parenttype":"Request for Quotation","idx":2,"__unedited":false,"item_code":"SKU003"}],"send_attached_files":1,"send_document_print":0,"message_for_supplier":"Please supply the specified items at the best possible rates","billing_address":"","billing_address_display":"","schedule_date":"2025-05-09","total_net_weight":null}', 'method': 'process_item_selection', 'args': '{"item_idx":2}', 'cmd': 'run_doc_method'}
2025-05-02 17:02:29,423 ERROR frappe New Exception collected in error log
Site: erpnext.localhost
Form Dict: {'item_idx': '1', 'docs': '{"docstatus":0,"doctype":"Request for Quotation","name":"new-request-for-quotation-zlpcxxkwvm","__islocal":1,"__unsaved":1,"owner":"Administrator","naming_series":"PUR-RFQ-.YYYY.-","company":"BICI","transaction_date":"2025-05-02","status":"Draft","suppliers":[{"docstatus":0,"doctype":"Request for Quotation Supplier","name":"new-request-for-quotation-supplier-vjzsqtaolu","__islocal":1,"__unsaved":1,"owner":"Administrator","quote_status":"Pending","send_email":0,"email_sent":0,"parent":"new-request-for-quotation-zlpcxxkwvm","parentfield":"suppliers","parenttype":"Request for Quotation","idx":1,"supplier_name":"Summit Traders Ltd.","supplier":"Summit Traders Ltd.","contact":null,"email_id":null}],"items":[{"docstatus":0,"doctype":"Request for Quotation Item","name":"new-request-for-quotation-item-yaljwygmwm","__islocal":1,"__unsaved":1,"owner":"Administrator","schedule_date":"2025-05-09","stock_uom":"Nos","page_break":0,"parent":"new-request-for-quotation-zlpcxxkwvm","parentfield":"items","parenttype":"Request for Quotation","idx":1,"item_code":"SKU002"}],"send_attached_files":1,"send_document_print":0,"message_for_supplier":"Please supply the specified items at the best possible rates","billing_address":"","billing_address_display":"","schedule_date":"2025-05-09"}', 'method': 'process_item_selection', 'args': '{"item_idx":1}', 'cmd': 'run_doc_method'}
2025-05-02 17:03:25,750 ERROR frappe New Exception collected in error log
Site: erpnext.localhost
Form Dict: {'doc': '{"docstatus":0,"doctype":"Request for Quotation","name":"new-request-for-quotation-zlpcxxkwvm","__islocal":1,"__unsaved":1,"owner":"Administrator","naming_series":"PUR-RFQ-.YYYY.-","company":"BICI","transaction_date":"2025-05-02","status":"Draft","suppliers":[{"docstatus":0,"doctype":"Request for Quotation Supplier","name":"new-request-for-quotation-supplier-vjzsqtaolu","__islocal":1,"__unsaved":1,"owner":"Administrator","quote_status":"Pending","send_email":0,"email_sent":0,"parent":"new-request-for-quotation-zlpcxxkwvm","parentfield":"suppliers","parenttype":"Request for Quotation","idx":1,"supplier_name":"Summit Traders Ltd.","supplier":"Summit Traders Ltd.","contact":null,"email_id":null}],"items":[{"docstatus":0,"doctype":"Request for Quotation Item","name":"new-request-for-quotation-item-yaljwygmwm","__islocal":1,"__unsaved":1,"owner":"Administrator","schedule_date":"2025-05-09","stock_uom":"Nos","page_break":0,"parent":"new-request-for-quotation-zlpcxxkwvm","parentfield":"items","parenttype":"Request for Quotation","idx":1,"item_code":"SKU002","qty":3,"conversion_factor":1,"stock_qty":3,"total_weight":null,"has_margin":false,"child_docname":"new-request-for-quotation-item-yaljwygmwm","price_list_rate":0,"discount_percentage":0,"uom":"Abampere","pricing_rules":""},{"docstatus":0,"doctype":"Request for Quotation Item","name":"new-request-for-quotation-item-khlwvzfwql","__islocal":1,"__unsaved":1,"owner":"Administrator","schedule_date":"2025-05-09","stock_uom":"Nos","page_break":0,"parent":"new-request-for-quotation-zlpcxxkwvm","parentfield":"items","parenttype":"Request for Quotation","idx":2,"__unedited":false,"item_code":"SKU003","qty":1,"conversion_factor":1,"stock_qty":1,"total_weight":null,"has_margin":false,"child_docname":"new-request-for-quotation-item-khlwvzfwql","price_list_rate":0,"discount_percentage":0,"uom":"Abampere","pricing_rules":""}],"send_attached_files":1,"send_document_print":0,"message_for_supplier":"Please supply the specified items at the best possible rates","billing_address":"","billing_address_display":"","schedule_date":"2025-05-09","total_net_weight":null}', 'action': 'Save', 'cmd': 'frappe.desk.form.save.savedocs'}
2025-05-02 17:03:39,413 ERROR frappe New Exception collected in error log
Site: erpnext.localhost
Form Dict: {'doc': '{"docstatus":0,"doctype":"Request for Quotation","name":"new-request-for-quotation-zlpcxxkwvm","__islocal":1,"__unsaved":1,"owner":"Administrator","naming_series":"PUR-RFQ-.YYYY.-","company":"BICI","transaction_date":"2025-05-02","status":"Draft","suppliers":[{"docstatus":0,"doctype":"Request for Quotation Supplier","name":"new-request-for-quotation-supplier-vjzsqtaolu","__islocal":1,"__unsaved":1,"owner":"Administrator","quote_status":"Pending","send_email":0,"email_sent":0,"parent":"new-request-for-quotation-zlpcxxkwvm","parentfield":"suppliers","parenttype":"Request for Quotation","idx":1,"supplier_name":"Summit Traders Ltd.","supplier":"Summit Traders Ltd.","contact":null,"email_id":null}],"items":[{"docstatus":0,"doctype":"Request for Quotation Item","name":"new-request-for-quotation-item-yaljwygmwm","__islocal":1,"__unsaved":1,"owner":"Administrator","schedule_date":"2025-05-09","stock_uom":"Nos","page_break":0,"parent":"new-request-for-quotation-zlpcxxkwvm","parentfield":"items","parenttype":"Request for Quotation","idx":1,"item_code":"SKU002","qty":3,"conversion_factor":1,"stock_qty":3,"total_weight":null,"has_margin":false,"child_docname":"new-request-for-quotation-item-yaljwygmwm","price_list_rate":0,"discount_percentage":0,"uom":"Abampere","pricing_rules":"","warehouse":"Stores - BICI","projected_qty":0,"actual_qty":0,"reserved_qty":0,"company_total_stock":null},{"docstatus":0,"doctype":"Request for Quotation Item","name":"new-request-for-quotation-item-khlwvzfwql","__islocal":1,"__unsaved":1,"owner":"Administrator","schedule_date":"2025-05-09","stock_uom":"Nos","page_break":0,"parent":"new-request-for-quotation-zlpcxxkwvm","parentfield":"items","parenttype":"Request for Quotation","idx":2,"__unedited":false,"item_code":"SKU003","qty":1,"conversion_factor":1,"stock_qty":1,"total_weight":null,"has_margin":false,"child_docname":"new-request-for-quotation-item-khlwvzfwql","price_list_rate":0,"discount_percentage":0,"uom":"Abampere","pricing_rules":""}],"send_attached_files":1,"send_document_print":0,"message_for_supplier":"Please supply the specified items at the best possible rates","billing_address":"","billing_address_display":"","schedule_date":"2025-05-09","total_net_weight":null}', 'action': 'Save', 'cmd': 'frappe.desk.form.save.savedocs'}
2025-05-02 17:11:25,492 ERROR frappe New Exception collected in error log
Site: erpnext.localhost
Form Dict: {'item_idx': '1', 'docs': '{"docstatus":0,"doctype":"Request for Quotation","name":"new-request-for-quotation-egofofvreh","__islocal":1,"__unsaved":1,"owner":"Administrator","naming_series":"PUR-RFQ-.YYYY.-","company":"IT University","transaction_date":"2025-05-02","status":"Draft","suppliers":[{"docstatus":0,"doctype":"Request for Quotation Supplier","name":"new-request-for-quotation-supplier-kczibcpkix","__islocal":1,"__unsaved":1,"owner":"Administrator","quote_status":"Pending","send_email":0,"email_sent":0,"parent":"new-request-for-quotation-egofofvreh","parentfield":"suppliers","parenttype":"Request for Quotation","idx":1,"supplier_name":"MA Inc.","supplier":"MA Inc.","contact":null,"email_id":null}],"items":[{"docstatus":0,"doctype":"Request for Quotation Item","name":"new-request-for-quotation-item-hlwomlurts","__islocal":1,"__unsaved":1,"owner":"Administrator","schedule_date":"2025-05-02","stock_uom":"Nos","page_break":0,"parent":"new-request-for-quotation-egofofvreh","parentfield":"items","parenttype":"Request for Quotation","idx":1,"item_code":"SKU010"}],"send_attached_files":1,"send_document_print":0,"message_for_supplier":"Please supply the specified items at the best possible rates","billing_address":"","billing_address_display":"","schedule_date":"2025-05-02"}', 'method': 'process_item_selection', 'args': '{"item_idx":1}', 'cmd': 'run_doc_method'}
2025-05-02 17:14:47,948 ERROR frappe New Exception collected in error log
Site: erpnext.localhost
Form Dict: {'rate': 352.71}
2025-05-02 18:03:53,181 ERROR frappe New Exception collected in error log
Site: erpnext.localhost
Form Dict: {'item_idx': '1', 'docs': '{"docstatus":0,"doctype":"Supplier Quotation","name":"new-supplier-quotation-pthkrkwhmz","__islocal":1,"__unsaved":1,"owner":"Administrator","naming_series":"PUR-SQTN-.YYYY.-","company":"BICI (Demo)","status":"Draft","transaction_date":"2025-05-02","currency":"USD","buying_price_list":"Standard Buying","price_list_currency":"USD","ignore_pricing_rule":0,"items":[{"docstatus":0,"doctype":"Supplier Quotation Item","name":"new-supplier-quotation-item-zkzshkvlpp","__islocal":1,"__unsaved":1,"owner":"Administrator","is_free_item":0,"stock_uom":"Nos","page_break":0,"parent":"new-supplier-quotation-pthkrkwhmz","parentfield":"items","parenttype":"Supplier Quotation","idx":1,"qty":0,"conversion_factor":0,"stock_qty":0,"price_list_rate":0,"discount_amount":0,"distributed_discount_amount":0,"base_price_list_rate":0,"rate":0,"amount":0,"base_rate":0,"base_amount":0,"net_rate":0,"net_amount":0,"base_net_rate":0,"base_net_amount":0,"weight_per_unit":0,"total_weight":0,"item_code":"SKU006"}],"taxes":[],"apply_discount_on":"Grand Total","disable_rounded_total":0,"pricing_rules":[],"group_same_items":0,"is_subcontracted":0,"valid_till":"2025-06-02","conversion_rate":1,"plc_conversion_rate":1,"billing_address":"","shipping_address":"","billing_address_display":"","shipping_address_display":"","base_net_total":0,"net_total":0,"base_total":0,"total":0,"total_qty":0,"grand_total":0,"taxes_and_charges_deducted":0,"taxes_and_charges_added":0,"base_grand_total":0,"base_taxes_and_charges_added":0,"base_taxes_and_charges_deducted":0,"total_taxes_and_charges":0,"base_total_taxes_and_charges":0,"rounded_total":0,"rounding_adjustment":0,"base_rounding_adjustment":0,"base_rounded_total":0,"in_words":"","base_in_words":"","base_discount_amount":0,"supplier_name":"Summit Traders Ltd.","supplier":"Summit Traders Ltd.","supplier_address":null,"address_display":null,"tax_category":"","contact_person":null,"contact_display":null,"contact_email":null,"contact_mobile":null,"language":"en"}', 'method': 'process_item_selection', 'args': '{"item_idx":1}', 'cmd': 'run_doc_method'}
2025-05-02 18:04:55,445 ERROR frappe New Exception collected in error log
Site: erpnext.localhost
Form Dict: {'doc': '{"docstatus":0,"doctype":"Supplier Quotation","name":"new-supplier-quotation-pthkrkwhmz","__islocal":1,"__unsaved":1,"owner":"Administrator","naming_series":"PUR-SQTN-.YYYY.-","company":"BICI (Demo)","status":"Draft","transaction_date":"2025-05-02","currency":"USD","buying_price_list":"Standard Buying","price_list_currency":"USD","ignore_pricing_rule":0,"items":[{"docstatus":0,"doctype":"Supplier Quotation Item","name":"new-supplier-quotation-item-zkzshkvlpp","__islocal":1,"__unsaved":1,"owner":"Administrator","is_free_item":0,"stock_uom":"Nos","page_break":0,"parent":"new-supplier-quotation-pthkrkwhmz","parentfield":"items","parenttype":"Supplier Quotation","idx":1,"qty":0,"conversion_factor":1,"stock_qty":0,"price_list_rate":420,"discount_amount":0,"distributed_discount_amount":0,"base_price_list_rate":420,"rate":420,"amount":0,"base_rate":420,"base_amount":0,"net_rate":420,"net_amount":0,"base_net_rate":420,"base_net_amount":0,"weight_per_unit":0,"total_weight":0,"item_code":"SKU006","uom":"Acre (US)","pricing_rules":"","has_margin":false,"child_docname":"new-supplier-quotation-item-zkzshkvlpp","discount_percentage":0,"rate_with_margin":420,"base_rate_with_margin":420,"margin_type":"","margin_rate_or_amount":0,"stock_uom_rate":420,"warehouse":"Work In Progress - ITU","projected_qty":0,"actual_qty":0,"reserved_qty":0,"company_total_stock":150}],"taxes":[],"apply_discount_on":"Grand Total","disable_rounded_total":0,"pricing_rules":[],"group_same_items":0,"is_subcontracted":0,"valid_till":"2025-06-02","conversion_rate":1,"plc_conversion_rate":1,"billing_address":"","shipping_address":"","billing_address_display":"","shipping_address_display":"","base_net_total":0,"net_total":0,"base_total":0,"total":0,"total_qty":0,"grand_total":0,"taxes_and_charges_deducted":0,"taxes_and_charges_added":0,"base_grand_total":0,"base_taxes_and_charges_added":0,"base_taxes_and_charges_deducted":0,"total_taxes_and_charges":0,"base_total_taxes_and_charges":0,"rounded_total":0,"rounding_adjustment":0,"base_rounding_adjustment":0,"base_rounded_total":0,"in_words":"","base_in_words":"","base_discount_amount":0,"supplier_name":"Summit Traders Ltd.","supplier":"Summit Traders Ltd.","supplier_address":null,"address_display":null,"tax_category":"","contact_person":null,"contact_display":null,"contact_email":null,"contact_mobile":null,"language":"en","total_net_weight":0}', 'action': 'Save', 'cmd': 'frappe.desk.form.save.savedocs'}
2025-05-02 18:05:11,093 ERROR frappe New Exception collected in error log
Site: erpnext.localhost
Form Dict: {'doc': '{"docstatus":0,"doctype":"Supplier Quotation","name":"new-supplier-quotation-pthkrkwhmz","__islocal":1,"__unsaved":1,"owner":"Administrator","naming_series":"PUR-SQTN-.YYYY.-","company":"BICI (Demo)","status":"Draft","transaction_date":"2025-05-02","currency":"USD","buying_price_list":"Standard Buying","price_list_currency":"USD","ignore_pricing_rule":0,"items":[{"docstatus":0,"doctype":"Supplier Quotation Item","name":"new-supplier-quotation-item-zkzshkvlpp","__islocal":1,"__unsaved":1,"owner":"Administrator","is_free_item":0,"stock_uom":"Nos","page_break":0,"parent":"new-supplier-quotation-pthkrkwhmz","parentfield":"items","parenttype":"Supplier Quotation","idx":1,"qty":11,"conversion_factor":1,"stock_qty":11,"price_list_rate":420,"discount_amount":0,"distributed_discount_amount":0,"base_price_list_rate":420,"rate":420,"amount":4620,"base_rate":420,"base_amount":4620,"net_rate":420,"net_amount":4620,"base_net_rate":420,"base_net_amount":4620,"weight_per_unit":0,"total_weight":0,"item_code":"SKU006","uom":"Acre (US)","pricing_rules":"","has_margin":false,"child_docname":"new-supplier-quotation-item-zkzshkvlpp","discount_percentage":0,"rate_with_margin":420,"base_rate_with_margin":420,"margin_type":"","margin_rate_or_amount":0,"stock_uom_rate":420,"warehouse":"Work In Progress - ITU","projected_qty":0,"actual_qty":0,"reserved_qty":0,"company_total_stock":150}],"taxes":[],"apply_discount_on":"Grand Total","disable_rounded_total":0,"pricing_rules":[],"group_same_items":0,"is_subcontracted":0,"valid_till":"2025-06-02","conversion_rate":1,"plc_conversion_rate":1,"billing_address":"","shipping_address":"","billing_address_display":"","shipping_address_display":"","base_net_total":4620,"net_total":4620,"base_total":4620,"total":4620,"total_qty":11,"grand_total":4620,"taxes_and_charges_deducted":0,"taxes_and_charges_added":0,"base_grand_total":4620,"base_taxes_and_charges_added":0,"base_taxes_and_charges_deducted":0,"total_taxes_and_charges":0,"base_total_taxes_and_charges":0,"rounded_total":4620,"rounding_adjustment":0,"base_rounding_adjustment":0,"base_rounded_total":4620,"in_words":"","base_in_words":"","base_discount_amount":0,"supplier_name":"Summit Traders Ltd.","supplier":"Summit Traders Ltd.","supplier_address":null,"address_display":null,"tax_category":"","contact_person":null,"contact_display":null,"contact_email":null,"contact_mobile":null,"language":"en","total_net_weight":0}', 'action': 'Save', 'cmd': 'frappe.desk.form.save.savedocs'}
2025-05-02 20:34:12,017 ERROR frappe New Exception collected in error log
Site: erpnext.localhost
Form Dict: {'item_idx': '1', 'docs': '{"docstatus":0,"doctype":"Request for Quotation","name":"new-request-for-quotation-flubnjnhed","__islocal":1,"__unsaved":1,"owner":"Administrator","naming_series":"PUR-RFQ-.YYYY.-","company":"BICI (Demo)","transaction_date":"2025-05-02","status":"Draft","suppliers":[{"docstatus":0,"doctype":"Request for Quotation Supplier","name":"new-request-for-quotation-supplier-tireuxsqwj","__islocal":1,"__unsaved":1,"owner":"Administrator","quote_status":"Pending","send_email":1,"email_sent":0,"parent":"new-request-for-quotation-flubnjnhed","parentfield":"suppliers","parenttype":"Request for Quotation","idx":1,"supplier_name":"supplier_B","supplier":"supplier_B","contact":null,"email_id":null}],"items":[{"docstatus":0,"doctype":"Request for Quotation Item","name":"new-request-for-quotation-item-eyjuucccfj","__islocal":1,"__unsaved":1,"owner":"Administrator","schedule_date":"2025-05-02","stock_uom":"Nos","page_break":0,"parent":"new-request-for-quotation-flubnjnhed","parentfield":"items","parenttype":"Request for Quotation","idx":1,"item_code":"item_A"}],"send_attached_files":1,"send_document_print":0,"message_for_supplier":"Please supply the specified items at the best possible rates","billing_address":"","billing_address_display":""}', 'method': 'process_item_selection', 'args': '{"item_idx":1}', 'cmd': 'run_doc_method'}
2025-05-02 20:34:53,963 ERROR frappe New Exception collected in error log
Site: erpnext.localhost
Form Dict: {'doc': '{"docstatus":0,"doctype":"Request for Quotation","name":"new-request-for-quotation-flubnjnhed","__islocal":1,"__unsaved":1,"owner":"Administrator","naming_series":"PUR-RFQ-.YYYY.-","company":"BICI (Demo)","transaction_date":"2025-05-02","status":"Draft","suppliers":[{"docstatus":0,"doctype":"Request for Quotation Supplier","name":"new-request-for-quotation-supplier-tireuxsqwj","__islocal":1,"__unsaved":1,"owner":"Administrator","quote_status":"Pending","send_email":1,"email_sent":0,"parent":"new-request-for-quotation-flubnjnhed","parentfield":"suppliers","parenttype":"Request for Quotation","idx":1,"supplier_name":"supplier_B","supplier":"supplier_B","contact":null,"email_id":null}],"items":[{"docstatus":0,"doctype":"Request for Quotation Item","name":"new-request-for-quotation-item-eyjuucccfj","__islocal":1,"__unsaved":1,"owner":"Administrator","schedule_date":"2025-05-02","stock_uom":"Nos","page_break":0,"parent":"new-request-for-quotation-flubnjnhed","parentfield":"items","parenttype":"Request for Quotation","idx":1,"item_code":"item_A","qty":3,"conversion_factor":1,"stock_qty":3,"total_weight":null,"has_margin":false,"child_docname":"new-request-for-quotation-item-eyjuucccfj","price_list_rate":0,"discount_percentage":0,"uom":"Nos","pricing_rules":""}],"send_attached_files":1,"send_document_print":0,"message_for_supplier":"Please supply the specified items at the best possible rates","billing_address":"","billing_address_display":"","total_net_weight":null}', 'action': 'Save', 'cmd': 'frappe.desk.form.save.savedocs'}
2025-05-02 20:37:07,776 ERROR frappe New Exception collected in error log
Site: erpnext.localhost
Form Dict: {'cmd': 'frappe.www.login.send_login_link', 'email': 'supplier_b@gmail.com'}
2025-05-05 09:20:34,387 ERROR frappe New Exception collected in error log
Site: erpnext.localhost
Form Dict: {'doctype': 'Payment Entry', 'payment_type': 'Pay', 'reference_name': 'ACC-PINV-2025-00003', 'reference_doctype': 'Purchase Invoice', 'party_type': 'Supplier', 'paid_amount': 40293.0, 'received_amount': 40293.0, 'paid_to': 'Cash - BICI (Demo)', 'company': 'BICI (Demo)', 'mode_of_payment': 'Cash', 'posting_date': '2025-05-05', 'party': 'MA Inc.'}
2025-05-05 09:32:42,920 ERROR frappe New Exception collected in error log
Site: erpnext.localhost
Form Dict: {'doctype': 'Payment Entry', 'payment_type': 'Pay', 'reference_name': 'ACC-PINV-2025-00003', 'reference_doctype': 'Purchase Invoice', 'party_type': 'Supplier', 'paid_amount': 40293.0, 'received_amount': 40293.0, 'paid_to': 'Cash - B', 'company': 'BICI (Demo)', 'mode_of_payment': 'Cash', 'posting_date': '2025-05-05', 'party': 'MA Inc.'}
2025-05-05 09:36:41,066 ERROR frappe New Exception collected in error log
Site: erpnext.localhost
Form Dict: {'doctype': 'Payment Entry', 'payment_type': 'Pay', 'reference_name': 'ACC-PINV-2025-00003', 'reference_doctype': 'Purchase Invoice', 'party_type': 'Supplier', 'paid_amount': 40293.0, 'received_amount': 40293.0, 'paid_to': 'Cash - B', 'company': 'BICI (Demo)', 'mode_of_payment': 'Cash', 'posting_date': '2025-05-05', 'party': 'MA Inc.'}
2025-05-05 09:47:02,650 ERROR frappe New Exception collected in error log
Site: erpnext.localhost
Form Dict: {'doctype': 'Payment Entry', 'payment_type': 'Pay', 'reference_name': 'ACC-PINV-2025-00003', 'reference_doctype': 'Purchase Invoice', 'party_type': 'Supplier', 'paid_amount': 40293.0, 'received_amount': 40293.0, 'paid_to': 'Cash - 1200 - Bank Accounts - BICID', 'company': 'BICI (Demo)', 'mode_of_payment': 'Cash', 'posting_date': '2025-05-05', 'party': 'MA Inc.'}
2025-05-05 09:54:39,454 ERROR frappe New Exception collected in error log
Site: erpnext.localhost
Form Dict: {'doctype': 'Payment Entry', 'payment_type': 'Pay', 'reference_name': 'ACC-PINV-2025-00003', 'reference_doctype': 'Purchase Invoice', 'party_type': 'Supplier', 'paid_amount': 40293.0, 'received_amount': 40293.0, 'paid_to': '1100 - Cash In Hand - BICID', 'company': 'BICI (Demo)', 'mode_of_payment': 'Cash', 'posting_date': '2025-05-05', 'party': 'MA Inc.'}
2025-05-05 10:01:49,465 ERROR frappe New Exception collected in error log
Site: erpnext.localhost
Form Dict: {'reference_name': 'ACC-PINV-2025-00003', 'party_type': 'Supplier', 'received_amount': 40293.0, 'doctype': 'Payment Entry', 'payment_type': 'Pay', 'reference_doctype': 'Purchase Invoice', 'paid_amount': 40293.0, 'paid_to': '1100 - Cash In Hand - BICID', 'company': 'BICI (Demo)', 'mode_of_payment': 'Cash', 'posting_date': '2025-05-05', 'source_exchange_rate': 1, 'party': 'MA Inc.'}
2025-05-05 10:07:41,240 ERROR frappe New Exception collected in error log
Site: erpnext.localhost
Form Dict: {'filters': '[["company", "=", "BICI (Demo)"], ["account_type", "=", "Cash"]]', 'fields': ['name', 'account_type', 'company', 'accountCurrency'], 'limit_page_length': 20}
2025-05-05 10:26:00,807 ERROR frappe New Exception collected in error log
Site: erpnext.localhost
Form Dict: {'doc': '{"name":"ACC-PAY-2025-00010","owner":"Administrator","creation":"2025-05-05 10:11:31.472314","modified":"2025-05-05 10:11:31.556605","modified_by":"Administrator","docstatus":0,"idx":0,"naming_series":"ACC-PAY-.YYYY.-","payment_type":"Pay","payment_order_status":"Initiated","posting_date":"2025-05-05","company":"BICI (Demo)","mode_of_payment":"Cash","party_type":"Supplier","party":"Summit Traders Ltd.","party_name":"Summit Traders Ltd.","book_advance_payments_in_separate_party_account":0,"reconcile_on_advance_payment_date":0,"advance_reconciliation_takes_effect_on":"Oldest Of Invoice Or Advance","paid_from":"1100 - Cash In Hand - BICID","paid_from_account_type":"Cash","paid_from_account_currency":"USD","paid_to":"1100 - Cash In Hand - BICID","paid_to_account_type":"Cash","paid_to_account_currency":"USD","paid_amount":105000,"paid_amount_after_tax":105000,"source_exchange_rate":1,"base_paid_amount":105000,"base_paid_amount_after_tax":105000,"received_amount":105000,"received_amount_after_tax":105000,"target_exchange_rate":1,"base_received_amount":105000,"base_received_amount_after_tax":105000,"total_allocated_amount":0,"base_total_allocated_amount":0,"unallocated_amount":105000,"difference_amount":0,"apply_tax_withholding_amount":0,"base_total_taxes_and_charges":0,"total_taxes_and_charges":0,"status":"Draft","custom_remarks":0,"remarks":"Amount USD 105000.0 paid to Summit Traders Ltd.","base_in_words":"USD One Hundred And Five Thousand only.","is_opening":"No","in_words":"USD One Hundred And Five Thousand only.","title":"Summit Traders Ltd.","doctype":"Payment Entry","references":[],"taxes":[],"deductions":[],"__onload":{"make_payment_via_journal_entry":0},"__last_sync_on":"2025-05-05T07:25:43.598Z"}', 'action': 'Submit', 'cmd': 'frappe.desk.form.save.savedocs'}
2025-05-05 10:27:30,176 ERROR frappe New Exception collected in error log
Site: erpnext.localhost
Form Dict: {'references': [{'reference_name': 'ACC-PINV-2025-00001', 'reference_doctype': 'Purchase Invoice', 'total_amount': 39000.0, 'allocated_amount': 39000.0, 'outstanding_amount': 0.0}], 'party_type': 'Supplier', 'received_amount': 39000.0, 'doctype': 'Payment Entry', 'payment_type': 'Pay', 'paid_from_account_currency': 'USD', 'submit_after_save': True, 'paid_to': '1100 - Cash In Hand - BICID', 'paid_amount': 39000.0, 'company': 'BICI (Demo)', 'mode_of_payment': 'Cash', 'posting_date': '2025-05-05', 'paid_from': '1100 - Cash In Hand - BICID', 'source_exchange_rate': 1, 'party': 'Zuckerman Security Ltd.'}
2025-05-05 10:28:01,225 ERROR frappe New Exception collected in error log
Site: erpnext.localhost
Form Dict: {'references': [{'reference_name': 'ACC-PINV-2025-00003', 'reference_doctype': 'Purchase Invoice', 'total_amount': 40293.0, 'allocated_amount': 40293.0, 'outstanding_amount': 0.0}], 'party_type': 'Supplier', 'received_amount': 40293.0, 'doctype': 'Payment Entry', 'payment_type': 'Pay', 'paid_from_account_currency': 'USD', 'submit_after_save': True, 'paid_to': '1100 - Cash In Hand - BICID', 'paid_amount': 40293.0, 'company': 'BICI (Demo)', 'mode_of_payment': 'Cash', 'posting_date': '2025-05-05', 'paid_from': '1100 - Cash In Hand - BICID', 'source_exchange_rate': 1, 'party': 'MA Inc.'}
2025-05-05 10:36:04,927 ERROR frappe New Exception collected in error log
Site: erpnext.localhost
Form Dict: {'references': [{'reference_name': 'ACC-PINV-2025-00001', 'reference_doctype': 'Purchase Invoice', 'total_amount': 39000.0, 'allocated_amount': 39000.0, 'outstanding_amount': 0.0}], 'received_amount': 39000.0, 'doctype': 'Payment Entry', 'payment_type': 'Pay', 'paid_from_account_currency': 'USD', 'submit_after_save': True, 'paid_to': '1100 - Cash In Hand - BICID', 'paid_amount': 39000.0, 'company': 'BICI (Demo)', 'mode_of_payment': 'Cash', 'posting_date': '2025-05-05', 'paid_from': '1100 - Cash In Hand - BICID', 'source_exchange_rate': 1}
2025-05-05 10:42:11,608 ERROR frappe New Exception collected in error log
Site: erpnext.localhost
Form Dict: {'references': [{'reference_name': 'ACC-PINV-2025-00001', 'reference_doctype': 'Purchase Invoice', 'total_amount': 39000.0, 'allocated_amount': 39000.0, 'outstanding_amount': 0.0}], 'party_type': 'Supplier', 'received_amount': 39000.0, 'doctype': 'Payment Entry', 'payment_type': 'Pay', 'paid_from_account_currency': 'USD', 'submit_after_save': True, 'paid_to': '1100 - Cash In Hand - BICID', 'paid_amount': 39000.0, 'company': 'BICI (Demo)', 'mode_of_payment': 'Cash', 'posting_date': '2025-05-05', 'paid_from': '1100 - Cash In Hand - BICID', 'source_exchange_rate': 1, 'party': 'Zuckerman Security Ltd.'}
2025-05-05 10:51:49,198 ERROR frappe New Exception collected in error log
Site: erpnext.localhost
Form Dict: {'references': [{'reference_name': 'ACC-PINV-2025-00001', 'reference_doctype': 'Purchase Invoice', 'total_amount': 39000.0, 'allocated_amount': 39000.0, 'outstanding_amount': '39000.0'}], 'party_type': 'Supplier', 'received_amount': 39000.0, 'doctype': 'Payment Entry', 'payment_type': 'Pay', 'paid_from_account_currency': 'USD', 'submit_after_save': True, 'paid_to': '1100 - Cash In Hand - BICID', 'paid_amount': 39000.0, 'company': 'BICI (Demo)', 'mode_of_payment': 'Cash', 'posting_date': '2025-05-05', 'paid_from': '2110 - Creditors - BICID', 'source_exchange_rate': 1, 'party': 'Zuckerman Security Ltd.'}
2025-05-05 10:56:45,392 ERROR frappe New Exception collected in error log
Site: erpnext.localhost
Form Dict: {'references': [{'reference_name': 'ACC-PINV-2025-00001', 'reference_doctype': 'Purchase Invoice', 'total_amount': 39000.0, 'allocated_amount': 39000.0, 'outstanding_amount': '39000.0'}], 'party_type': 'Supplier', 'received_amount': 39000.0, 'doctype': 'Payment Entry', 'payment_type': 'Pay', 'paid_from_account_currency': 'USD', 'submit_after_save': True, 'paid_to': '1100 - Cash In Hand - BICID', 'paid_amount': 39000.0, 'company': 'BICI (Demo)', 'mode_of_payment': 'Cash', 'posting_date': '2025-05-05', 'paid_from': '2110 - Creditors - BICID', 'source_exchange_rate': 1, 'party': 'Zuckerman Security Ltd.'}
